I'm sorry, but errors were detected in your script. Please correct the
errors listed below, and try again.


File "game/class/pti.rpy", line 731: Line is indented, but the preceding show screen statement statement does not expect a block. Please check this line's indentation.
    "2. 	Berikut ini yang bukan merupakan langkah pencegahan atau tindakan untuk meminimalisir terjadinya kerusakan atau pencurian data adalah?"
    ^

Ren'Py Version: Ren'Py 8.0.3.22090405
Fri Jan  5 18:32:39 2024
